[    1858ms] [INFO] %cDownload the React DevTools for a better development experience: https://react.dev/link/react-devtools font-weight:bold @ http://localhost:3000/_next/static/chunks/node_modules_next_dist_1ybzpk2._.js:2477
[    1995ms] [LOG] [HMR] connected @ http://localhost:3000/_next/static/chunks/node_modules_next_dist_1ybzpk2._.js:2477
[   16209ms] [LOG] [Fast Refresh] rebuilding @ http://localhost:3000/_next/static/chunks/node_modules_next_dist_1ybzpk2._.js:2477
[   16788ms] [LOG] [Fast Refresh] done in 679ms @ http://localhost:3000/_next/static/chunks/node_modules_next_dist_1ybzpk2._.js:2477
[   47067ms] [LOG] [Fast Refresh] rebuilding @ http://localhost:3000/_next/static/chunks/node_modules_next_dist_1ybzpk2._.js:2477
[   47315ms] [LOG] [Fast Refresh] done in 351ms @ http://localhost:3000/_next/static/chunks/node_modules_next_dist_1ybzpk2._.js:2477
[   48567ms] [ERROR] Failed to load resource: the server responded with a status of 400 (Bad Request) @ http://localhost:3000/api/resources/smoke-test-article:0
[   69353ms] [LOG] [Fast Refresh] rebuilding @ http://localhost:3000/_next/static/chunks/node_modules_next_dist_1ybzpk2._.js:2477
[   69647ms] [LOG] [Fast Refresh] done in 51ms @ http://localhost:3000/_next/static/chunks/node_modules_next_dist_1ybzpk2._.js:2477
[   78787ms] [LOG] [Fast Refresh] rebuilding @ http://localhost:3000/_next/static/chunks/node_modules_next_dist_1ybzpk2._.js:2477
[   79026ms] [LOG] [Fast Refresh] done in 18ms @ http://localhost:3000/_next/static/chunks/node_modules_next_dist_1ybzpk2._.js:2477
[   85636ms] [LOG] [Fast Refresh] rebuilding @ http://localhost:3000/_next/static/chunks/node_modules_next_dist_1ybzpk2._.js:2477
[   85750ms] [LOG] [Fast Refresh] done in 221ms @ http://localhost:3000/_next/static/chunks/node_modules_next_dist_1ybzpk2._.js:2477
[ 1214441ms] [LOG] [Fast Refresh] rebuilding @ http://localhost:3000/_next/static/chunks/node_modules_next_dist_1ybzpk2._.js:2477
[ 1214569ms] [LOG] [Fast Refresh] done in 242ms @ http://localhost:3000/_next/static/chunks/node_modules_next_dist_1ybzpk2._.js:2477
[ 1214675ms] [LOG] [Fast Refresh] rebuilding @ http://localhost:3000/_next/static/chunks/node_modules_next_dist_1ybzpk2._.js:2477
[ 1215838ms] [LOG] [Fast Refresh] done in 1268ms @ http://localhost:3000/_next/static/chunks/node_modules_next_dist_1ybzpk2._.js:2477
[ 2318117ms] [LOG] [Fast Refresh] rebuilding @ http://localhost:3000/_next/static/chunks/node_modules_next_dist_1ybzpk2._.js:2477
[ 2318175ms] [LOG] [Fast Refresh] done in 130ms @ http://localhost:3000/_next/static/chunks/node_modules_next_dist_1ybzpk2._.js:2477
[ 2332056ms] [LOG] [Fast Refresh] rebuilding @ http://localhost:3000/_next/static/chunks/node_modules_next_dist_1ybzpk2._.js:2477
[ 2332083ms] [LOG] [Fast Refresh] done in 76ms @ http://localhost:3000/_next/static/chunks/node_modules_next_dist_1ybzpk2._.js:2477
[ 2342924ms] [LOG] [Fast Refresh] rebuilding @ http://localhost:3000/_next/static/chunks/node_modules_next_dist_1ybzpk2._.js:2477
[ 2342952ms] [LOG] [Fast Refresh] done in 74ms @ http://localhost:3000/_next/static/chunks/node_modules_next_dist_1ybzpk2._.js:2477
[ 2354437ms] [LOG] [Fast Refresh] rebuilding @ http://localhost:3000/_next/static/chunks/node_modules_next_dist_1ybzpk2._.js:2477
[ 2354469ms] [LOG] [Fast Refresh] done in 91ms @ http://localhost:3000/_next/static/chunks/node_modules_next_dist_1ybzpk2._.js:2477
[ 2377101ms] [LOG] [Fast Refresh] rebuilding @ http://localhost:3000/_next/static/chunks/node_modules_next_dist_1ybzpk2._.js:2477
[ 2377140ms] [LOG] [Fast Refresh] done in 98ms @ http://localhost:3000/_next/static/chunks/node_modules_next_dist_1ybzpk2._.js:2477
[ 2395222ms] [LOG] [Fast Refresh] rebuilding @ http://localhost:3000/_next/static/chunks/node_modules_next_dist_1ybzpk2._.js:2477
[ 2395243ms] [LOG] [Fast Refresh] done in 82ms @ http://localhost:3000/_next/static/chunks/node_modules_next_dist_1ybzpk2._.js:2477
[ 2410987ms] [LOG] [Fast Refresh] rebuilding @ http://localhost:3000/_next/static/chunks/node_modules_next_dist_1ybzpk2._.js:2477
[ 2411090ms] [LOG] [Fast Refresh] done in 208ms @ http://localhost:3000/_next/static/chunks/node_modules_next_dist_1ybzpk2._.js:2477
[ 2411203ms] [LOG] [Fast Refresh] rebuilding @ http://localhost:3000/_next/static/chunks/node_modules_next_dist_1ybzpk2._.js:2477
[ 2411320ms] [LOG] [Fast Refresh] done in 229ms @ http://localhost:3000/_next/static/chunks/node_modules_next_dist_1ybzpk2._.js:2477
[ 2411547ms] [LOG] [Fast Refresh] rebuilding @ http://localhost:3000/_next/static/chunks/node_modules_next_dist_1ybzpk2._.js:2477
[ 2411553ms] [LOG] [Fast Refresh] done in 107ms @ http://localhost:3000/_next/static/chunks/node_modules_next_dist_1ybzpk2._.js:2477
[ 2411669ms] [LOG] [Fast Refresh] rebuilding @ http://localhost:3000/_next/static/chunks/node_modules_next_dist_1ybzpk2._.js:2477
[ 2411690ms] [LOG] [Fast Refresh] done in 136ms @ http://localhost:3000/_next/static/chunks/node_modules_next_dist_1ybzpk2._.js:2477
[ 2413340ms] [LOG] [Fast Refresh] rebuilding @ http://localhost:3000/_next/static/chunks/node_modules_next_dist_1ybzpk2._.js:2477
[ 2414626ms] [LOG] [Fast Refresh] done in 1365ms @ http://localhost:3000/_next/static/chunks/node_modules_next_dist_1ybzpk2._.js:2477
[ 2421536ms] [LOG] [Fast Refresh] rebuilding @ http://localhost:3000/_next/static/chunks/node_modules_next_dist_1ybzpk2._.js:2477
[ 2421566ms] [LOG] [Fast Refresh] done in 80ms @ http://localhost:3000/_next/static/chunks/node_modules_next_dist_1ybzpk2._.js:2477
[ 2460818ms] [LOG] [Fast Refresh] rebuilding @ http://localhost:3000/_next/static/chunks/node_modules_next_dist_1ybzpk2._.js:2477
[ 2461068ms] [LOG] [Fast Refresh] done in 75ms @ http://localhost:3000/_next/static/chunks/node_modules_next_dist_1ybzpk2._.js:2477
[ 2469357ms] [LOG] [Fast Refresh] rebuilding @ http://localhost:3000/_next/static/chunks/node_modules_next_dist_1ybzpk2._.js:2477
[ 2469537ms] [LOG] [Fast Refresh] done in 54ms @ http://localhost:3000/_next/static/chunks/node_modules_next_dist_1ybzpk2._.js:2477
[ 2501925ms] [LOG] [Fast Refresh] rebuilding @ http://localhost:3000/_next/static/chunks/node_modules_next_dist_1ybzpk2._.js:2477
[ 2501955ms] [LOG] [Fast Refresh] done in 88ms @ http://localhost:3000/_next/static/chunks/node_modules_next_dist_1ybzpk2._.js:2477
[ 2520476ms] [LOG] [Fast Refresh] rebuilding @ http://localhost:3000/_next/static/chunks/node_modules_next_dist_1ybzpk2._.js:2477
[ 2520708ms] [LOG] [Fast Refresh] done in 254ms @ http://localhost:3000/_next/static/chunks/node_modules_next_dist_1ybzpk2._.js:2477
[ 2520887ms] [LOG] [Fast Refresh] rebuilding @ http://localhost:3000/_next/static/chunks/node_modules_next_dist_1ybzpk2._.js:2477
[ 2520900ms] [LOG] [Fast Refresh] done in 117ms @ http://localhost:3000/_next/static/chunks/node_modules_next_dist_1ybzpk2._.js:2477
[ 2521242ms] [LOG] [Fast Refresh] rebuilding @ http://localhost:3000/_next/static/chunks/node_modules_next_dist_1ybzpk2._.js:2477
[ 2521252ms] [LOG] [Fast Refresh] done in 116ms @ http://localhost:3000/_next/static/chunks/node_modules_next_dist_1ybzpk2._.js:2477
[ 2521535ms] [LOG] [Fast Refresh] rebuilding @ http://localhost:3000/_next/static/chunks/node_modules_next_dist_1ybzpk2._.js:2477
[ 2521538ms] [LOG] [Fast Refresh] done in 110ms @ http://localhost:3000/_next/static/chunks/node_modules_next_dist_1ybzpk2._.js:2477
[ 2534720ms] [LOG] [Fast Refresh] rebuilding @ http://localhost:3000/_next/static/chunks/node_modules_next_dist_1ybzpk2._.js:2477
[ 2534955ms] [LOG] [Fast Refresh] done in 269ms @ http://localhost:3000/_next/static/chunks/node_modules_next_dist_1ybzpk2._.js:2477
[ 2535066ms] [LOG] [Fast Refresh] rebuilding @ http://localhost:3000/_next/static/chunks/node_modules_next_dist_1ybzpk2._.js:2477
[ 2535228ms] [LOG] [Fast Refresh] done in 264ms @ http://localhost:3000/_next/static/chunks/node_modules_next_dist_1ybzpk2._.js:2477
[ 2535452ms] [LOG] [Fast Refresh] rebuilding @ http://localhost:3000/_next/static/chunks/node_modules_next_dist_1ybzpk2._.js:2477
[ 2535692ms] [LOG] [Fast Refresh] done in 342ms @ http://localhost:3000/_next/static/chunks/node_modules_next_dist_1ybzpk2._.js:2477
[ 2535899ms] [LOG] [Fast Refresh] rebuilding @ http://localhost:3000/_next/static/chunks/node_modules_next_dist_1ybzpk2._.js:2477
[ 2535991ms] [LOG] [Fast Refresh] done in 203ms @ http://localhost:3000/_next/static/chunks/node_modules_next_dist_1ybzpk2._.js:2477
[ 2536728ms] [LOG] [Fast Refresh] rebuilding @ http://localhost:3000/_next/static/chunks/node_modules_next_dist_1ybzpk2._.js:2477
[ 2536786ms] [LOG] [Fast Refresh] done in 158ms @ http://localhost:3000/_next/static/chunks/node_modules_next_dist_1ybzpk2._.js:2477
[ 2537091ms] [LOG] [Fast Refresh] rebuilding @ http://localhost:3000/_next/static/chunks/node_modules_next_dist_1ybzpk2._.js:2477
[ 2537143ms] [LOG] [Fast Refresh] done in 154ms @ http://localhost:3000/_next/static/chunks/node_modules_next_dist_1ybzpk2._.js:2477
[ 2537434ms] [LOG] [Fast Refresh] rebuilding @ http://localhost:3000/_next/static/chunks/node_modules_next_dist_1ybzpk2._.js:2477
[ 2537464ms] [LOG] [Fast Refresh] done in 129ms @ http://localhost:3000/_next/static/chunks/node_modules_next_dist_1ybzpk2._.js:2477
[ 2601219ms] [LOG] [Fast Refresh] rebuilding @ http://localhost:3000/_next/static/chunks/node_modules_next_dist_1ybzpk2._.js:2477
[ 2601434ms] [LOG] [Fast Refresh] done in 80ms @ http://localhost:3000/_next/static/chunks/node_modules_next_dist_1ybzpk2._.js:2477
[ 2784656ms] [LOG] [Fast Refresh] rebuilding @ http://localhost:3000/_next/static/chunks/node_modules_next_dist_1ybzpk2._.js:2477
[ 2784757ms] [LOG] [Fast Refresh] done in 213ms @ http://localhost:3000/_next/static/chunks/node_modules_next_dist_1ybzpk2._.js:2477
[ 2798237ms] [LOG] [Fast Refresh] rebuilding @ http://localhost:3000/_next/static/chunks/node_modules_next_dist_1ybzpk2._.js:2477
[ 2798238ms] [LOG] [Fast Refresh] done in 106ms @ http://localhost:3000/_next/static/chunks/node_modules_next_dist_1ybzpk2._.js:2477
[ 2798436ms] [LOG] [Fast Refresh] rebuilding @ http://localhost:3000/_next/static/chunks/node_modules_next_dist_1ybzpk2._.js:2477
[ 2800689ms] [ERROR] ./app/layout.tsx:12:1
Module not found: Can't resolve '@/lib/utils'
  10 | import { Inter, Fraunces, Geist } from "next/font/google";
  11 | import "@/styles/globals.css";
> 12 | import { cn } from "@/lib/utils";
     | ^^^^^^^^^^^^^^^^^^^^^^^^^^^^^^^^^
  13 |
  14 | const geist = Geist({subsets:['latin'],variable:'--font-sans'});
  15 |

Import map: aliased to relative './lib/utils' inside of [project]/

https://nextjs.org/docs/messages/module-not-found @ http://localhost:3000/_next/static/chunks/node_modules_next_dist_1ybzpk2._.js:3318
[ 2800841ms] [ERROR] ./app/layout.tsx:12:1
Module not found: Can't resolve '@/lib/utils'
  10 | import { Inter, Fraunces, Geist } from "next/font/google";
  11 | import "@/styles/globals.css";
> 12 | import { cn } from "@/lib/utils";
     | ^^^^^^^^^^^^^^^^^^^^^^^^^^^^^^^^^
  13 |
  14 | const geist = Geist({subsets:['latin'],variable:'--font-sans'});
  15 |

Import map: aliased to relative './lib/utils' inside of [project]/

https://nextjs.org/docs/messages/module-not-found @ http://localhost:3000/_next/static/chunks/node_modules_next_dist_1ybzpk2._.js:3318
[ 2800952ms] [LOG] [Fast Refresh] rebuilding @ http://localhost:3000/_next/static/chunks/node_modules_next_dist_1ybzpk2._.js:2477
[ 2801818ms] [ERROR] ./app/layout.tsx:12:1
Module not found: Can't resolve '@/lib/utils'
  10 | import { Inter, Fraunces, Geist } from "next/font/google";
  11 | import "@/styles/globals.css";
> 12 | import { cn } from "@/lib/utils";
     | ^^^^^^^^^^^^^^^^^^^^^^^^^^^^^^^^^
  13 |
  14 | const geist = Geist({subsets:['latin'],variable:'--font-sans'});
  15 |

Import map: aliased to relative './lib/utils' inside of [project]/

https://nextjs.org/docs/messages/module-not-found @ http://localhost:3000/_next/static/chunks/node_modules_next_dist_1ybzpk2._.js:3318
[ 2801925ms] [LOG] [Fast Refresh] rebuilding @ http://localhost:3000/_next/static/chunks/node_modules_next_dist_1ybzpk2._.js:2477
[ 2803727ms] [ERROR] Failed to load resource: the server responded with a status of 500 (Internal Server Error) @ http://localhost:3000/study-hub-test?_rsc=yfFKidNfAfYPW5o3:0
[ 2803742ms] [ERROR] ./app/layout.tsx:12:1
Module not found: Can't resolve '@/lib/utils'
  10 | import { Inter, Fraunces, Geist } from "next/font/google";
  11 | import "@/styles/globals.css";
> 12 | import { cn } from "@/lib/utils";
     | ^^^^^^^^^^^^^^^^^^^^^^^^^^^^^^^^^
  13 |
  14 | const geist = Geist({subsets:['latin'],variable:'--font-sans'});
  15 |

Import map: aliased to relative './lib/utils' inside of [project]/

https://nextjs.org/docs/messages/module-not-found @ http://localhost:3000/_next/static/chunks/node_modules_next_dist_1ybzpk2._.js:3318
[ 2803748ms] [ERROR] ./app/layout.tsx:12:1
Module not found: Can't resolve '@/lib/utils'
  10 | import { Inter, Fraunces, Geist } from "next/font/google";
  11 | import "@/styles/globals.css";
> 12 | import { cn } from "@/lib/utils";
     | ^^^^^^^^^^^^^^^^^^^^^^^^^^^^^^^^^
  13 |
  14 | const geist = Geist({subsets:['latin'],variable:'--font-sans'});
  15 |

Import map: aliased to relative './lib/utils' inside of [project]/

https://nextjs.org/docs/messages/module-not-found @ http://localhost:3000/_next/static/chunks/node_modules_next_dist_1ybzpk2._.js:3318
[ 2803862ms] [LOG] [Fast Refresh] rebuilding @ http://localhost:3000/_next/static/chunks/node_modules_next_dist_1ybzpk2._.js:2477
[ 2804208ms] [LOG] [Fast Refresh] done in 449ms @ http://localhost:3000/_next/static/chunks/node_modules_next_dist_1ybzpk2._.js:2477
[ 2804264ms] Error: No link element found for chunk /_next/static/chunks/%5Broot-of-the-server%5D__14runp3._.css
    at http://localhost:3000/_next/static/chunks/turbopack-_01_ro95._.js:2169:28
    at new Promise (<anonymous>)
    at Object.reloadChunk (http://localhost:3000/_next/static/chunks/turbopack-_01_ro95._.js:2158:20)
    at applyChunkListUpdate (http://localhost:3000/_next/static/chunks/turbopack-_01_ro95._.js:1748:46)
    at applyUpdate (http://localhost:3000/_next/static/chunks/turbopack-_01_ro95._.js:1722:13)
    at handleApply (http://localhost:3000/_next/static/chunks/turbopack-_01_ro95._.js:1785:17)
    at triggerUpdate (http://localhost:3000/_next/static/chunks/%5Bturbopack%5D_browser_dev_hmr-client_hmr-client_ts_1mojsay._.js:456:9)
    at applyAggregatedUpdates (http://localhost:3000/_next/static/chunks/%5Bturbopack%5D_browser_dev_hmr-client_hmr-client_ts_1mojsay._.js:98:9)
    at http://localhost:3000/_next/static/chunks/%5Bturbopack%5D_browser_dev_hmr-client_hmr-client_ts_1mojsay._.js:32:21
    at processTurbopackMessage (http://localhost:3000/_next/static/chunks/node_modules_next_dist_client_0r5nbpw._.js:13494:13)
    at processMessage (http://localhost:3000/_next/static/chunks/node_modules_next_dist_client_0r5nbpw._.js:14061:17)
    at WebSocket.handleMessage (http://localhost:3000/_next/static/chunks/node_modules_next_dist_client_0r5nbpw._.js:13458:52)
[ 2804313ms] [LOG] [Fast Refresh] rebuilding @ http://localhost:3000/_next/static/chunks/node_modules_next_dist_1ybzpk2._.js:2477
[ 2804676ms] [ERROR] ./styles/globals.css
Error evaluating Node.js code
CssSyntaxError: D:\TeensHelpline-Final-Project\teenshelpline-org\styles\globals.css:3:1: The `bg-background` class does not exist. If `bg-background` is a custom class, make sure it is defined within a `@layer` directive.
    [at Input.error (turbopack:///[project]/node_modules/postcss/lib/input.js:135:16)]
    [at AtRule.error (turbopack:///[project]/node_modules/postcss/lib/node.js:166:32)]
    [at processApply (D:\TeensHelpline-Final-Project\teenshelpline-org\node_modules\tailwindcss\lib\lib\expandApplyAtRules.js:380:29)]
    [at D:\TeensHelpline-Final-Project\teenshelpline-org\node_modules\tailwindcss\lib\lib\expandApplyAtRules.js:551:9]
    [at D:\TeensHelpline-Final-Project\teenshelpline-org\node_modules\tailwindcss\lib\processTailwindFeatures.js:55:50]
    [at async plugins (D:\TeensHelpline-Final-Project\teenshelpline-org\node_modules\tailwindcss\lib\plugin.js:38:17)]
    [at async LazyResult.runAsync (turbopack:///[project]/node_modules/postcss/lib/lazy-result.js:299:11)]
    [at async transform (turbopack:///[turbopack-node]/transforms/postcss.ts:70:34)]
    [at async run (turbopack:///[turbopack-node]/child_process/evaluate.ts:89:23)]

Import trace:
  Client Component Browser:
    ./styles/globals.css [Client Component Browser]
    ./app/layout.tsx [Server Component] @ http://localhost:3000/_next/static/chunks/node_modules_next_dist_1ybzpk2._.js:3318
[ 2804677ms] [ERROR] Failed to load resource: the server responded with a status of 500 (Internal Server Error) @ http://localhost:3000/study-hub-test?_rsc=yfFKidNfAfYPW5o3:0
[ 2804753ms] [ERROR] Failed to load resource: the server responded with a status of 500 (Internal Server Error) @ http://localhost:3000/study-hub-test:0
[ 2804869ms] [ERROR] Refused to execute script from 'http://localhost:3000/_next/static/development/_clientMiddlewareManifest.js' because its MIME type ('application/json') is not executable, and strict MIME type checking is enabled. @ http://localhost:3000/study-hub-test:0
[ 2804952ms] [INFO] %cDownload the React DevTools for a better development experience: https://react.dev/link/react-devtools font-weight:bold @ http://localhost:3000/_next/static/chunks/node_modules_react-dom_0kla17-._.js:15305
[ 2805101ms] Error: ./styles/globals.css
Error evaluating Node.js code
CssSyntaxError: D:\TeensHelpline-Final-Project\teenshelpline-org\styles\globals.css:3:1: The `bg-background` class does not exist. If `bg-background` is a custom class, make sure it is defined within a `@layer` directive.
    [at Input.error (turbopack:///[project]/node_modules/postcss/lib/input.js:135:16)]
    [at AtRule.error (turbopack:///[project]/node_modules/postcss/lib/node.js:166:32)]
    [at processApply (D:\TeensHelpline-Final-Project\teenshelpline-org\node_modules\tailwindcss\lib\lib\expandApplyAtRules.js:380:29)]
    [at D:\TeensHelpline-Final-Project\teenshelpline-org\node_modules\tailwindcss\lib\lib\expandApplyAtRules.js:551:9]
    [at D:\TeensHelpline-Final-Project\teenshelpline-org\node_modules\tailwindcss\lib\processTailwindFeatures.js:55:50]
    [at async plugins (D:\TeensHelpline-Final-Project\teenshelpline-org\node_modules\tailwindcss\lib\plugin.js:38:17)]
    [at async LazyResult.runAsync (turbopack:///[project]/node_modules/postcss/lib/lazy-result.js:299:11)]
    [at async transform (turbopack:///[turbopack-node]/transforms/postcss.ts:70:34)]
    [at async run (turbopack:///[turbopack-node]/child_process/evaluate.ts:89:23)]

Import trace:
  Client Component Browser:
    ./styles/globals.css [Client Component Browser]
    ./app/layout.tsx [Server Component]


    at Object.getCompilationErrors (file://D:\TeensHelpline-Final-Project\teenshelpline-org\node_modules\next\dist\server\dev\hot-reloader-turbopack.js:1186:59)
    at DevBundlerService.getCompilationError (file://D:\TeensHelpline-Final-Project\teenshelpline-org\node_modules\next\dist\server\lib\dev-bundler-service.js:44:55)
    at DevServer.getCompilationError (file://D:\TeensHelpline-Final-Project\teenshelpline-org\node_modules\next\dist\server\dev\next-dev-server.js:720:42)
    at DevServer.findPageComponents (file://D:\TeensHelpline-Final-Project\teenshelpline-org\node_modules\next\dist\server\dev\next-dev-server.js:690:43)
    at async DevServer.renderErrorToResponseImpl (file://D:\TeensHelpline-Final-Project\teenshelpline-org\node_modules\next\dist\server\base-server.js:1753:26)
[ 2805103ms] [LOG] [HMR] connected @ http://localhost:3000/_next/static/chunks/node_modules_next_dist_1gdrd03._.js:1226
[ 2805123ms] [ERROR] ./styles/globals.css
Error evaluating Node.js code
CssSyntaxError: D:\TeensHelpline-Final-Project\teenshelpline-org\styles\globals.css:3:1: The `bg-background` class does not exist. If `bg-background` is a custom class, make sure it is defined within a `@layer` directive.
    [at Input.error (turbopack:///[project]/node_modules/postcss/lib/input.js:135:16)]
    [at AtRule.error (turbopack:///[project]/node_modules/postcss/lib/node.js:166:32)]
    [at processApply (D:\TeensHelpline-Final-Project\teenshelpline-org\node_modules\tailwindcss\lib\lib\expandApplyAtRules.js:380:29)]
    [at D:\TeensHelpline-Final-Project\teenshelpline-org\node_modules\tailwindcss\lib\lib\expandApplyAtRules.js:551:9]
    [at D:\TeensHelpline-Final-Project\teenshelpline-org\node_modules\tailwindcss\lib\processTailwindFeatures.js:55:50]
    [at async plugins (D:\TeensHelpline-Final-Project\teenshelpline-org\node_modules\tailwindcss\lib\plugin.js:38:17)]
    [at async LazyResult.runAsync (turbopack:///[project]/node_modules/postcss/lib/lazy-result.js:299:11)]
    [at async transform (turbopack:///[turbopack-node]/transforms/postcss.ts:70:34)]
    [at async run (turbopack:///[turbopack-node]/child_process/evaluate.ts:89:23)]

Import trace:
  Client Component Browser:
    ./styles/globals.css [Client Component Browser]
    ./app/layout.tsx [Server Component] @ http://localhost:3000/_next/static/chunks/node_modules_next_dist_1gdrd03._.js:1945
[ 2805217ms] [ERROR] ./styles/globals.css
Error evaluating Node.js code
CssSyntaxError: D:\TeensHelpline-Final-Project\teenshelpline-org\styles\globals.css:3:1: The `bg-background` class does not exist. If `bg-background` is a custom class, make sure it is defined within a `@layer` directive.
    [at Input.error (turbopack:///[project]/node_modules/postcss/lib/input.js:135:16)]
    [at AtRule.error (turbopack:///[project]/node_modules/postcss/lib/node.js:166:32)]
    [at processApply (D:\TeensHelpline-Final-Project\teenshelpline-org\node_modules\tailwindcss\lib\lib\expandApplyAtRules.js:380:29)]
    [at D:\TeensHelpline-Final-Project\teenshelpline-org\node_modules\tailwindcss\lib\lib\expandApplyAtRules.js:551:9]
    [at D:\TeensHelpline-Final-Project\teenshelpline-org\node_modules\tailwindcss\lib\processTailwindFeatures.js:55:50]
    [at async plugins (D:\TeensHelpline-Final-Project\teenshelpline-org\node_modules\tailwindcss\lib\plugin.js:38:17)]
    [at async LazyResult.runAsync (turbopack:///[project]/node_modules/postcss/lib/lazy-result.js:299:11)]
    [at async transform (turbopack:///[turbopack-node]/transforms/postcss.ts:70:34)]
    [at async run (turbopack:///[turbopack-node]/child_process/evaluate.ts:89:23)]

Import trace:
  Client Component Browser:
    ./styles/globals.css [Client Component Browser]
    ./app/layout.tsx [Server Component] @ http://localhost:3000/_next/static/chunks/node_modules_next_dist_1gdrd03._.js:1945
[ 2805219ms] [ERROR] ./styles/globals.css
Error evaluating Node.js code
CssSyntaxError: D:\TeensHelpline-Final-Project\teenshelpline-org\styles\globals.css:3:1: The `bg-background` class does not exist. If `bg-background` is a custom class, make sure it is defined within a `@layer` directive.
    [at Input.error (turbopack:///[project]/node_modules/postcss/lib/input.js:135:16)]
    [at AtRule.error (turbopack:///[project]/node_modules/postcss/lib/node.js:166:32)]
    [at processApply (D:\TeensHelpline-Final-Project\teenshelpline-org\node_modules\tailwindcss\lib\lib\expandApplyAtRules.js:380:29)]
    [at D:\TeensHelpline-Final-Project\teenshelpline-org\node_modules\tailwindcss\lib\lib\expandApplyAtRules.js:551:9]
    [at D:\TeensHelpline-Final-Project\teenshelpline-org\node_modules\tailwindcss\lib\processTailwindFeatures.js:55:50]
    [at async plugins (D:\TeensHelpline-Final-Project\teenshelpline-org\node_modules\tailwindcss\lib\plugin.js:38:17)]
    [at async LazyResult.runAsync (turbopack:///[project]/node_modules/postcss/lib/lazy-result.js:299:11)]
    [at async transform (turbopack:///[turbopack-node]/transforms/postcss.ts:70:34)]
    [at async run (turbopack:///[turbopack-node]/child_process/evaluate.ts:89:23)]

Import trace:
  Client Component Browser:
    ./styles/globals.css [Client Component Browser]
    ./app/layout.tsx [Server Component] @ http://localhost:3000/_next/static/chunks/node_modules_next_dist_1gdrd03._.js:1945
[ 2805338ms] [ERROR] ./styles/globals.css
Error evaluating Node.js code
CssSyntaxError: D:\TeensHelpline-Final-Project\teenshelpline-org\styles\globals.css:3:1: The `bg-background` class does not exist. If `bg-background` is a custom class, make sure it is defined within a `@layer` directive.
    [at Input.error (turbopack:///[project]/node_modules/postcss/lib/input.js:135:16)]
    [at AtRule.error (turbopack:///[project]/node_modules/postcss/lib/node.js:166:32)]
    [at processApply (D:\TeensHelpline-Final-Project\teenshelpline-org\node_modules\tailwindcss\lib\lib\expandApplyAtRules.js:380:29)]
    [at D:\TeensHelpline-Final-Project\teenshelpline-org\node_modules\tailwindcss\lib\lib\expandApplyAtRules.js:551:9]
    [at D:\TeensHelpline-Final-Project\teenshelpline-org\node_modules\tailwindcss\lib\processTailwindFeatures.js:55:50]
    [at async plugins (D:\TeensHelpline-Final-Project\teenshelpline-org\node_modules\tailwindcss\lib\plugin.js:38:17)]
    [at async LazyResult.runAsync (turbopack:///[project]/node_modules/postcss/lib/lazy-result.js:299:11)]
    [at async transform (turbopack:///[turbopack-node]/transforms/postcss.ts:70:34)]
    [at async run (turbopack:///[turbopack-node]/child_process/evaluate.ts:89:23)]

Import trace:
  Client Component Browser:
    ./styles/globals.css [Client Component Browser]
    ./app/layout.tsx [Server Component] @ http://localhost:3000/_next/static/chunks/node_modules_next_dist_1gdrd03._.js:1945
[ 2805339ms] [LOG] [Fast Refresh] rebuilding @ http://localhost:3000/_next/static/chunks/node_modules_next_dist_1gdrd03._.js:1226
[ 2813816ms] [LOG] [Fast Refresh] rebuilding @ http://localhost:3000/_next/static/chunks/node_modules_next_dist_1gdrd03._.js:1226
[ 2816986ms] [ERROR] ./styles/globals.css
Error evaluating Node.js code
CssSyntaxError: D:\TeensHelpline-Final-Project\teenshelpline-org\styles\globals.css:3:1: The `bg-background` class does not exist. If `bg-background` is a custom class, make sure it is defined within a `@layer` directive.
    [at Input.error (turbopack:///[project]/node_modules/postcss/lib/input.js:135:16)]
    [at AtRule.error (turbopack:///[project]/node_modules/postcss/lib/node.js:166:32)]
    [at processApply (D:\TeensHelpline-Final-Project\teenshelpline-org\node_modules\tailwindcss\lib\lib\expandApplyAtRules.js:380:29)]
    [at D:\TeensHelpline-Final-Project\teenshelpline-org\node_modules\tailwindcss\lib\lib\expandApplyAtRules.js:551:9]
    [at D:\TeensHelpline-Final-Project\teenshelpline-org\node_modules\tailwindcss\lib\processTailwindFeatures.js:55:50]
    [at async plugins (D:\TeensHelpline-Final-Project\teenshelpline-org\node_modules\tailwindcss\lib\plugin.js:38:17)]
    [at async LazyResult.runAsync (turbopack:///[project]/node_modules/postcss/lib/lazy-result.js:299:11)]
    [at async transform (turbopack:///[turbopack-node]/transforms/postcss.ts:70:34)]
    [at async run (turbopack:///[turbopack-node]/child_process/evaluate.ts:89:23)]

Import trace:
  Client Component Browser:
    ./styles/globals.css [Client Component Browser]
    ./app/layout.tsx [Server Component] @ http://localhost:3000/_next/static/chunks/node_modules_next_dist_1gdrd03._.js:1945
[ 2817060ms] [ERROR] ./styles/globals.css
Error evaluating Node.js code
CssSyntaxError: D:\TeensHelpline-Final-Project\teenshelpline-org\styles\globals.css:3:1: The `bg-background` class does not exist. If `bg-background` is a custom class, make sure it is defined within a `@layer` directive.
    [at Input.error (turbopack:///[project]/node_modules/postcss/lib/input.js:135:16)]
    [at AtRule.error (turbopack:///[project]/node_modules/postcss/lib/node.js:166:32)]
    [at processApply (D:\TeensHelpline-Final-Project\teenshelpline-org\node_modules\tailwindcss\lib\lib\expandApplyAtRules.js:380:29)]
    [at D:\TeensHelpline-Final-Project\teenshelpline-org\node_modules\tailwindcss\lib\lib\expandApplyAtRules.js:551:9]
    [at D:\TeensHelpline-Final-Project\teenshelpline-org\node_modules\tailwindcss\lib\processTailwindFeatures.js:55:50]
    [at async plugins (D:\TeensHelpline-Final-Project\teenshelpline-org\node_modules\tailwindcss\lib\plugin.js:38:17)]
    [at async LazyResult.runAsync (turbopack:///[project]/node_modules/postcss/lib/lazy-result.js:299:11)]
    [at async transform (turbopack:///[turbopack-node]/transforms/postcss.ts:70:34)]
    [at async run (turbopack:///[turbopack-node]/child_process/evaluate.ts:89:23)]

Import trace:
  Client Component Browser:
    ./styles/globals.css [Client Component Browser]
    ./app/layout.tsx [Server Component] @ http://localhost:3000/_next/static/chunks/node_modules_next_dist_1gdrd03._.js:1945
[ 2817095ms] [LOG] [Fast Refresh] rebuilding @ http://localhost:3000/_next/static/chunks/node_modules_next_dist_1gdrd03._.js:1226
[ 2817521ms] [ERROR] ./styles/globals.css
Error evaluating Node.js code
CssSyntaxError: D:\TeensHelpline-Final-Project\teenshelpline-org\styles\globals.css:3:1: The `bg-background` class does not exist. If `bg-background` is a custom class, make sure it is defined within a `@layer` directive.
    [at Input.error (turbopack:///[project]/node_modules/postcss/lib/input.js:135:16)]
    [at AtRule.error (turbopack:///[project]/node_modules/postcss/lib/node.js:166:32)]
    [at processApply (D:\TeensHelpline-Final-Project\teenshelpline-org\node_modules\tailwindcss\lib\lib\expandApplyAtRules.js:380:29)]
    [at D:\TeensHelpline-Final-Project\teenshelpline-org\node_modules\tailwindcss\lib\lib\expandApplyAtRules.js:551:9]
    [at D:\TeensHelpline-Final-Project\teenshelpline-org\node_modules\tailwindcss\lib\processTailwindFeatures.js:55:50]
    [at async plugins (D:\TeensHelpline-Final-Project\teenshelpline-org\node_modules\tailwindcss\lib\plugin.js:38:17)]
    [at async LazyResult.runAsync (turbopack:///[project]/node_modules/postcss/lib/lazy-result.js:299:11)]
    [at async transform (turbopack:///[turbopack-node]/transforms/postcss.ts:70:34)]
    [at async run (turbopack:///[turbopack-node]/child_process/evaluate.ts:89:23)]

Import trace:
  Client Component Browser:
    ./styles/globals.css [Client Component Browser]
    ./app/layout.tsx [Server Component] @ http://localhost:3000/_next/static/chunks/node_modules_next_dist_1gdrd03._.js:1945
[ 2817586ms] [LOG] [Fast Refresh] rebuilding @ http://localhost:3000/_next/static/chunks/node_modules_next_dist_1gdrd03._.js:1226
